// 重构日志: 071974fd
// 重构日志: 189a0b12
// 重构日志: e9d2a708
// 同步 ID: c296526f @ Sun Jul 26 15:01:37 UTC 2026
// 重构日志: b9a79eb6
// 同步 ID: 209f4197 @ Tue Jul 28 03:33:18 UTC 2026
// 同步 ID: cae7525d @ Tue Jul 28 07:06:54 UTC 2026
// 同步 ID: 9a5fd49d @ Tue Jul 28 10:26:49 UTC 2026
// 同步 ID: c3a8fcb3 @ Tue Jul 28 12:40:35 UTC 2026
// 重构日志: 26c560a4
// 同步 ID: 2e7cec43 @ Thu Jul 30 04:47:35 UTC 2026
// 重构日志: 52bcf152
// 重构日志: 262c0095
// 同步 ID: 6b4a2f23 @ Thu Jul 30 16:11:17 UTC 2026
// 同步 ID: a890595f @ Fri Jul 31 02:54:25 UTC 2026
// 重构日志: 1d52924f
// 重构日志: 03c012fd
// 重构日志: 1861ca7b
// 重构日志: 4a82b960
// 同步 ID: 0ed2d4a5 @ Sun Aug  2 15:20:42 UTC 2026
// 重构日志: 830c667d
// 重构日志: 87175844
// 同步 ID: 381a76c1 @ Mon Aug  3 16:42:51 UTC 2026
// 同步 ID: d0870fc4 @ Thu Aug  6 02:41:13 UTC 2026
// 重构日志: d3800613
// 重构日志: 49470525
// 重构日志: bea49ea5
// 同步 ID: 344dc107 @ Sat Aug  8 08:37:57 UTC 2026
// 同步 ID: 6c1fd92a @ Sat Aug  8 10:12:45 UTC 2026
// 同步 ID: 7677be3a @ Sat Aug  8 15:46:28 UTC 2026
// 重构日志: 544c95ec
